Archive member included to satisfy reference by file (symbol)

C:\Users\dell\Documents\Embedded System\FFT_27thApril\Lib\libarm_cortexM4lf_math.a(arm_rms_f32.o)
                              Src\main.o (arm_rms_f32)
C:\Users\dell\Documents\Embedded System\FFT_27thApril\Lib\libarm_cortexM4lf_math.a(arm_min_f32.o)
                              Src\main.o (arm_min_f32)
C:\Users\dell\Documents\Embedded System\FFT_27thApril\Lib\libarm_cortexM4lf_math.a(arm_mean_f32.o)
                              Src\main.o (arm_mean_f32)
C:\Users\dell\Documents\Embedded System\FFT_27thApril\Lib\libarm_cortexM4lf_math.a(arm_cfft_radix4_init_f32.o)
                              Src\main.o (arm_cfft_radix4_init_f32)
C:\Users\dell\Documents\Embedded System\FFT_27thApril\Lib\libarm_cortexM4lf_math.a(arm_cfft_radix4_f32.o)
                              Src\main.o (arm_cfft_radix4_f32)
C:\Users\dell\Documents\Embedded System\FFT_27thApril\Lib\libarm_cortexM4lf_math.a(arm_cmplx_mag_f32.o)
                              Src\main.o (arm_cmplx_mag_f32)
C:\Users\dell\Documents\Embedded System\FFT_27thApril\Lib\libarm_cortexM4lf_math.a(arm_sub_f32.o)
                              Src\main.o (arm_sub_f32)
C:\Users\dell\Documents\Embedded System\FFT_27thApril\Lib\libarm_cortexM4lf_math.a(arm_mult_f32.o)
                              Src\main.o (arm_mult_f32)
C:\Users\dell\Documents\Embedded System\FFT_27thApril\Lib\libarm_cortexM4lf_math.a(arm_common_tables.o)
                              C:\Users\dell\Documents\Embedded System\FFT_27thApril\Lib\libarm_cortexM4lf_math.a(arm_cfft_radix4_init_f32.o) (twiddleCoef_4096)
C:\Users\dell\Documents\Embedded System\FFT_27thApril\Lib\libarm_cortexM4lf_math.a(arm_bitreversal.o)
                              C:\Users\dell\Documents\Embedded System\FFT_27thApril\Lib\libarm_cortexM4lf_math.a(arm_cfft_radix4_f32.o) (arm_bitreversal_f32)
c:/program files (x86)/atollic/truestudio for stm32 9.0.0/armtools/bin/../lib/gcc/arm-atollic-eabi/6.3.1/../../../../arm-atollic-eabi/lib/armv7e-m/fpu\libc_nano.a(lib_a-init.o)
                              startup\startup_stm32l476xx.o (__libc_init_array)
c:/program files (x86)/atollic/truestudio for stm32 9.0.0/armtools/bin/../lib/gcc/arm-atollic-eabi/6.3.1/../../../../arm-atollic-eabi/lib/armv7e-m/fpu\libm.a(lib_a-wf_sqrt.o)
                              C:\Users\dell\Documents\Embedded System\FFT_27thApril\Lib\libarm_cortexM4lf_math.a(arm_rms_f32.o) (sqrtf)
c:/program files (x86)/atollic/truestudio for stm32 9.0.0/armtools/bin/../lib/gcc/arm-atollic-eabi/6.3.1/../../../../arm-atollic-eabi/lib/armv7e-m/fpu\libm.a(lib_a-ef_sqrt.o)
                              c:/program files (x86)/atollic/truestudio for stm32 9.0.0/armtools/bin/../lib/gcc/arm-atollic-eabi/6.3.1/../../../../arm-atollic-eabi/lib/armv7e-m/fpu\libm.a(lib_a-wf_sqrt.o) (__ieee754_sqrtf)
c:/program files (x86)/atollic/truestudio for stm32 9.0.0/armtools/bin/../lib/gcc/arm-atollic-eabi/6.3.1/../../../../arm-atollic-eabi/lib/armv7e-m/fpu\libm.a(lib_a-s_lib_ver.o)
                              c:/program files (x86)/atollic/truestudio for stm32 9.0.0/armtools/bin/../lib/gcc/arm-atollic-eabi/6.3.1/../../../../arm-atollic-eabi/lib/armv7e-m/fpu\libm.a(lib_a-wf_sqrt.o) (__fdlib_version)
c:/program files (x86)/atollic/truestudio for stm32 9.0.0/armtools/bin/../lib/gcc/arm-atollic-eabi/6.3.1/../../../../arm-atollic-eabi/lib/armv7e-m/fpu\libm.a(lib_a-s_matherr.o)
                              c:/program files (x86)/atollic/truestudio for stm32 9.0.0/armtools/bin/../lib/gcc/arm-atollic-eabi/6.3.1/../../../../arm-atollic-eabi/lib/armv7e-m/fpu\libm.a(lib_a-wf_sqrt.o) (matherr)
c:/program files (x86)/atollic/truestudio for stm32 9.0.0/armtools/bin/../lib/gcc/arm-atollic-eabi/6.3.1/../../../../arm-atollic-eabi/lib/armv7e-m/fpu\libc_nano.a(lib_a-errno.o)
                              c:/program files (x86)/atollic/truestudio for stm32 9.0.0/armtools/bin/../lib/gcc/arm-atollic-eabi/6.3.1/../../../../arm-atollic-eabi/lib/armv7e-m/fpu\libm.a(lib_a-wf_sqrt.o) (__errno)
c:/program files (x86)/atollic/truestudio for stm32 9.0.0/armtools/bin/../lib/gcc/arm-atollic-eabi/6.3.1/../../../../arm-atollic-eabi/lib/armv7e-m/fpu\libc_nano.a(lib_a-impure.o)
                              c:/program files (x86)/atollic/truestudio for stm32 9.0.0/armtools/bin/../lib/gcc/arm-atollic-eabi/6.3.1/../../../../arm-atollic-eabi/lib/armv7e-m/fpu\libc_nano.a(lib_a-errno.o) (_impure_ptr)
c:/program files (x86)/atollic/truestudio for stm32 9.0.0/armtools/bin/../lib/gcc/arm-atollic-eabi/6.3.1/armv7e-m/fpu\libgcc.a(_arm_addsubdf3.o)
                              c:/program files (x86)/atollic/truestudio for stm32 9.0.0/armtools/bin/../lib/gcc/arm-atollic-eabi/6.3.1/../../../../arm-atollic-eabi/lib/armv7e-m/fpu\libm.a(lib_a-wf_sqrt.o) (__aeabi_f2d)
c:/program files (x86)/atollic/truestudio for stm32 9.0.0/armtools/bin/../lib/gcc/arm-atollic-eabi/6.3.1/armv7e-m/fpu\libgcc.a(_arm_muldivdf3.o)
[...]
Memory Configuration

Name             Origin             Length             Attributes
RAM              0x20000000         0x00018000         xrw
RAM2             0x10000000         0x00008000         xrw
FLASH            0x08000000         0x00100000         xr
*default*        0x00000000         0xffffffff

Linker script and memory map

LOAD c:/program files (x86)/atollic/truestudio for stm32 9.0.0/armtools/bin/../lib/gcc/arm-atollic-eabi/6.3.1/armv7e-m/fpu/crti.o
LOAD c:/program files (x86)/atollic/truestudio for stm32 9.0.0/armtools/bin/../lib/gcc/arm-atollic-eabi/6.3.1/armv7e-m/fpu/crtbegin.o
LOAD Drivers\STM32L4xx_HAL_Driver\Src\stm32l4xx_hal.o
LOAD Drivers\STM32L4xx_HAL_Driver\Src\stm32l4xx_hal_adc.o
LOAD Drivers\STM32L4xx_HAL_Driver\Src\stm32l4xx_hal_adc_ex.o
LOAD Drivers\STM32L4xx_HAL_Driver\Src\stm32l4xx_hal_cortex.o
LOAD Drivers\STM32L4xx_HAL_Driver\Src\stm32l4xx_hal_dma.o
LOAD Drivers\STM32L4xx_HAL_Driver\Src\stm32l4xx_hal_dma_ex.o
LOAD Drivers\STM32L4xx_HAL_Driver\Src\stm32l4xx_hal_flash.o
LOAD Drivers\STM32L4xx_HAL_Driver\Src\stm32l4xx_hal_flash_ex.o
LOAD Drivers\STM32L4xx_HAL_Driver\Src\stm32l4xx_hal_flash_ramfunc.o
LOAD Drivers\STM32L4xx_HAL_Driver\Src\stm32l4xx_hal_gpio.o
LOAD Drivers\STM32L4xx_HAL_Driver\Src\stm32l4xx_hal_i2c.o
LOAD Drivers\STM32L4xx_HAL_Driver\Src\stm32l4xx_hal_i2c_ex.o
LOAD Drivers\STM32L4xx_HAL_Driver\Src\stm32l4xx_hal_pwr.o
LOAD Drivers\STM32L4xx_HAL_Driver\Src\stm32l4xx_hal_pwr_ex.o
LOAD Drivers\STM32L4xx_HAL_Driver\Src\stm32l4xx_hal_rcc.o
LOAD Drivers\STM32L4xx_HAL_Driver\Src\stm32l4xx_hal_rcc_ex.o
LOAD Drivers\STM32L4xx_HAL_Driver\Src\stm32l4xx_hal_tim.o
LOAD Drivers\STM32L4xx_HAL_Driver\Src\stm32l4xx_hal_tim_ex.o
LOAD Src\main.o
LOAD Src\stm32l4xx_hal_msp.o
LOAD Src\stm32l4xx_it.o
LOAD Src\system_stm32l4xx.o
LOAD startup\startup_stm32l476xx.o
LOAD C:\Users\dell\Documents\Embedded System\FFT_27thApril\Lib\libarm_cortexM4lf_math.a
                0x00000080                malloc_getpagesize_P = 0x80
START GROUP
LOAD c:/program files (x86)/atollic/truestudio for stm32 9.0.0/armtools/bin/../lib/gcc/arm-atollic-eabi/6.3.1/../../../../arm-atollic-eabi/lib/armv7e-m/fpu\libc_nano.a
LOAD c:/program files (x86)/atollic/truestudio for stm32 9.0.0/armtools/bin/../lib/gcc/arm-atollic-eabi/6.3.1/../../../../arm-atollic-eabi/lib/armv7e-m/fpu\libm.a
END GROUP
START GROUP
LOAD c:/program files (x86)/atollic/truestudio for stm32 9.0.0/armtools/bin/../lib/gcc/arm-atollic-eabi/6.3.1/armv7e-m/fpu\libgcc.a
LOAD c:/program files (x86)/atollic/truestudio for stm32 9.0.0/armtools/bin/../lib/gcc/arm-atollic-eabi/6.3.1/../../../../arm-atollic-eabi/lib/armv7e-m/fpu\libc_nano.a
END GROUP
START GROUP
LOAD c:/program files (x86)/atollic/truestudio for stm32 9.0.0/armtools/bin/../lib/gcc/arm-atollic-eabi/6.3.1/armv7e-m/fpu\libgcc.a
LOAD c:/program files (x86)/atollic/truestudio for stm32 9.0.0/armtools/bin/../lib/gcc/arm-atollic-eabi/6.3.1/../../../../arm-atollic-eabi/lib/armv7e-m/fpu\libc_nano.a
LOAD c:/program files (x86)/atollic/truestudio for stm32 9.0.0/armtools/bin/../lib/gcc/arm-atollic-eabi/6.3.1/../../../../arm-atollic-eabi/lib/armv7e-m/fpu\libnosys.a
END GROUP
START GROUP
LOAD c:/program files (x86)/atollic/truestudio for stm32 9.0.0/armtools/bin/../lib/gcc/arm-atollic-eabi/6.3.1/armv7e-m/fpu\libgcc.a
LOAD c:/program files (x86)/atollic/truestudio for stm32 9.0.0/armtools/bin/../lib/gcc/arm-atollic-eabi/6.3.1/../../../../arm-atollic-eabi/lib/armv7e-m/fpu\libc_nano.a
LOAD c:/program files (x86)/atollic/truestudio for stm32 9.0.0/armtools/bin/../lib/gcc/arm-atollic-eabi/6.3.1/../../../../arm-atollic-eabi/lib/armv7e-m/fpu\libnosys.a
END GROUP
LOAD c:/program files (x86)/atollic/truestudio for stm32 9.0.0/armtools/bin/../lib/gcc/arm-atollic-eabi/6.3.1/armv7e-m/fpu/crtend.o
LOAD c:/program files (x86)/atollic/truestudio for stm32 9.0.0/armtools/bin/../lib/gcc/arm-atollic-eabi/6.3.1/armv7e-m/fpu/crtn.o
                0x20018000                _estack = 0x20018000
                0x00000200                _Min_Heap_Size = 0x200
                0x00000400                _Min_Stack_Size = 0x400

.isr_vector     0x08000000      0x188
                0x08000000                . = ALIGN (0x4)
 *(.isr_vector)
 .isr_vector    0x08000000      0x188 startup\startup_stm32l476xx.o
                0x08000000                g_pfnVectors
                0x08000188                . = ALIGN (0x4)

.text           0x08000188     0x4150
                0x08000188                . = ALIGN (0x4)
 *(.text)
 .text          0x08000188       0x40 c:/program files (x86)/atollic/truestudio for stm32 9.0.0/armtools/bin/../lib/gcc/arm-atollic-eabi/6.3.1/armv7e-m/fpu/crtbegin.o
 .text          0x080001c8      0x370 c:/program files (x86)/atollic/truestudio for stm32 9.0.0/armtools/bin/../lib/gcc/arm-atollic-eabi/6.3.1/armv7e-m/fpu\libgcc.a(_arm_addsubdf3.o)
                0x080001c8                __aeabi_drsub
                0x080001d0                __aeabi_dsub
                0x080001d0                __subdf3
                0x080001d4                __aeabi_dadd
                0x080001d4                __adddf3
                0x0800044c                __floatunsidf
                0x0800044c                __aeabi_ui2d
                0x0800046c                __floatsidf
                0x0800046c                __aeabi_i2d
                0x08000490                __aeabi_f2d
                0x08000490                __extendsfdf2
                0x080004cc                __floatundidf
                0x080004cc                __aeabi_ul2d
                0x080004dc                __floatdidf
                0x080004dc                __aeabi_l2d
 .text          0x08000538      0x424 c:/program files (x86)/atollic/truestudio for stm32 9.0.0/armtools/bin/../lib/gcc/arm-atollic-eabi/6.3.1/armv7e-m/fpu\libgcc.a(_arm_muldivdf3.o)
                0x08000538                __aeabi_dmul
                0x08000538                __muldf3
                0x0800078c                __divdf3
                0x0800078c                __aeabi_ddiv
 .text          0x0800095c       0xa0 c:/program files (x86)/atollic/truestudio for stm32 9.0.0/armtools/bin/../lib/gcc/arm-atollic-eabi/6.3.1/armv7e-m/fpu\libgcc.a(_arm_truncdfsf2.o)
                0x0800095c                __truncdfsf2
                0x0800095c                __aeabi_d2f
 *(.text*)
 .text.HAL_InitTick
                0x080009fc       0x2c Drivers\STM32L4xx_HAL_Driver\Src\stm32l4xx_hal.o
                0x080009fc                HAL_InitTick
 .text.HAL_Init
                0x08000a28       0x18 Drivers\STM32L4xx_HAL_Driver\Src\stm32l4xx_hal.o
                0x08000a28                HAL_Init
 .text.HAL_IncTick
                0x08000a40       0x10 Drivers\STM32L4xx_HAL_Driver\Src\stm32l4xx_hal.o
                0x08000a40                HAL_IncTick
 .text.HAL_GetTick
                0x08000a50        0xc Drivers\STM32L4xx_HAL_Driver\Src\stm32l4xx_hal.o
                0x08000a50                HAL_GetTick
 .text.HAL_Delay
                0x08000a5c       0x1c Drivers\STM32L4xx_HAL_Driver\Src\stm32l4xx_hal.o
                0x08000a5c                HAL_Delay
 .text.HAL_ADC_Init
                0x08000a78      0x240 Drivers\STM32L4xx_HAL_Driver\Src\stm32l4xx_hal_adc.o
                0x08000a78                HAL_ADC_Init
 .text.HAL_ADC_ConvCpltCallback
                0x08000cb8        0x4 Drivers\STM32L4xx_HAL_Driver\Src\stm32l4xx_hal_adc.o
                0x08000cb8                HAL_ADC_ConvCpltCallback
 .text.HAL_ADC_ConvHalfCpltCallback
                0x08000cbc        0x4 Drivers\STM32L4xx_HAL_Driver\Src\stm32l4xx_hal_adc.o
                0x08000cbc                HAL_ADC_ConvHalfCpltCallback
 .text.ADC_DMAHalfConvCplt
                0x08000cc0        0xc Drivers\STM32L4xx_HAL_Driver\Src\stm32l4xx_hal_adc.o
                0x08000cc0                ADC_DMAHalfConvCplt
 .text.HAL_ADC_ErrorCallback
                0x08000ccc        0x4 Drivers\STM32L4xx_HAL_Driver\Src\stm32l4xx_hal_adc.o
                0x08000ccc                HAL_ADC_ErrorCallback
 .text.ADC_DMAConvCplt
                0x08000cd0       0x68 Drivers\STM32L4xx_HAL_Driver\Src\stm32l4xx_hal_adc.o
                0x08000cd0                ADC_DMAConvCplt
 .text.ADC_DMAError
                0x08000d38       0x1c Drivers\STM32L4xx_HAL_Driver\Src\stm32l4xx_hal_adc.o
                0x08000d38                ADC_DMAError
 .text.HAL_ADC_ConfigChannel
                0x08000d54      0x570 Drivers\STM32L4xx_HAL_Driver\Src\stm32l4xx_hal_adc.o
                0x08000d54                HAL_ADC_ConfigChannel
 .text.ADC_ConversionStop
                0x080012c4       0xd8 Drivers\STM32L4xx_HAL_Driver\Src\stm32l4xx_hal_adc.o
                0x080012c4                ADC_ConversionStop
 .text.ADC_Enable
                0x0800139c       0xd0 Drivers\STM32L4xx_HAL_Driver\Src\stm32l4xx_hal_adc.o
                0x0800139c                ADC_Enable
 .text.HAL_ADC_Start_DMA
                0x0800146c      0x110 Drivers\STM32L4xx_HAL_Driver\Src\stm32l4xx_hal_adc.o
                0x0800146c                HAL_ADC_Start_DMA
 .text.ADC_Disable
                0x0800157c       0x7c Drivers\STM32L4xx_HAL_Driver\Src\stm32l4xx_hal_adc.o
                0x0800157c                ADC_Disable
 .text.HAL_ADC_Stop_DMA
                0x080015f8       0x84 Drivers\STM32L4xx_HAL_Driver\Src\stm32l4xx_hal_adc.o
                0x080015f8                HAL_ADC_Stop_DMA
 .text.HAL_ADCEx_MultiModeConfigChannel
                0x0800167c       0xf8 Drivers\STM32L4xx_HAL_Driver\Src\stm32l4xx_hal_adc_ex.o
                0x0800167c                HAL_ADCEx_MultiModeConfigChannel
 .text.HAL_NVIC_SetPriorityGrouping
                0x08001774       0x24 Drivers\STM32L4xx_HAL_Driver\Src\stm32l4xx_hal_cortex.o
                0x08001774                HAL_NVIC_SetPriorityGrouping
 .text.HAL_NVIC_SetPriority
                0x08001798       0x6c Drivers\STM32L4xx_HAL_Driver\Src\stm32l4xx_hal_cortex.o
                0x08001798                HAL_NVIC_SetPriority
 .text.HAL_NVIC_EnableIRQ
                0x08001804       0x18 Drivers\STM32L4xx_HAL_Driver\Src\stm32l4xx_hal_cortex.o
                0x08001804                HAL_NVIC_EnableIRQ
 .text.HAL_SYSTICK_Config
                0x0800181c       0x34 Drivers\STM32L4xx_HAL_Driver\Src\stm32l4xx_hal_cortex.o
                0x0800181c                HAL_SYSTICK_Config
 .text.HAL_SYSTICK_CLKSourceConfig
                0x08001850       0x18 Drivers\STM32L4xx_HAL_Driver\Src\stm32l4xx_hal_cortex.o
                0x08001850                HAL_SYSTICK_CLKSourceConfig
 .text.HAL_SYSTICK_Callback
                0x08001868        0x4 Drivers\STM32L4xx_HAL_Driver\Src\stm32l4xx_hal_cortex.o
                0x08001868                HAL_SYSTICK_Callback
 .text.HAL_SYSTICK_IRQHandler
                0x0800186c        0x8 Drivers\STM32L4xx_HAL_Driver\Src\stm32l4xx_hal_cortex.o
                0x0800186c                HAL_SYSTICK_IRQHandler
 .text.HAL_DMA_Init
                0x08001874       0xc4 Drivers\STM32L4xx_HAL_Driver\Src\stm32l4xx_hal_dma.o
                0x08001874                HAL_DMA_Init
 .text.HAL_DMA_Start_IT
                0x08001938       0x80 Drivers\STM32L4xx_HAL_Driver\Src\stm32l4xx_hal_dma.o
                0x08001938                HAL_DMA_Start_IT
 .text.HAL_DMA_Abort
                0x080019b8       0x38 Drivers\STM32L4xx_HAL_Driver\Src\stm32l4xx_hal_dma.o
                0x080019b8                HAL_DMA_Abort
 .text.HAL_DMA_IRQHandler
                0x080019f0       0x98 Drivers\STM32L4xx_HAL_Driver\Src\stm32l4xx_hal_dma.o
                0x080019f0                HAL_DMA_IRQHandler
 .text.HAL_GPIO_Init
                0x08001a88      0x234 Drivers\STM32L4xx_HAL_Driver\Src\stm32l4xx_hal_gpio.o
                0x08001a88                HAL_GPIO_Init
 .text.HAL_GPIO_WritePin
                0x08001cbc        0xc Drivers\STM32L4xx_HAL_Driver\Src\stm32l4xx_hal_gpio.o
                0x08001cbc                HAL_GPIO_WritePin
 .text.HAL_GPIO_EXTI_Callback
                0x08001cc8        0x4 Drivers\STM32L4xx_HAL_Driver\Src\stm32l4xx_hal_gpio.o
                0x08001cc8                HAL_GPIO_EXTI_Callback
 .text.HAL_GPIO_EXTI_IRQHandler
                0x08001ccc       0x18 Drivers\STM32L4xx_HAL_Driver\Src\stm32l4xx_hal_gpio.o
                0x08001ccc                HAL_GPIO_EXTI_IRQHandler
 .text.HAL_PWREx_GetVoltageRange
                0x08001ce4       0x10 Drivers\STM32L4xx_HAL_Driver\Src\stm32l4xx_hal_pwr_ex.o
                0x08001ce4                HAL_PWREx_GetVoltageRange
 .text.HAL_PWREx_ControlVoltageScaling
                0x08001cf4       0x78 Drivers\STM32L4xx_HAL_Driver\Src\stm32l4xx_hal_pwr_ex.o
                0x08001cf4                HAL_PWREx_ControlVoltageScaling
 .text.RCC_SetFlashLatencyFromMSIRange
                0x08001d6c       0x8c Drivers\STM32L4xx_HAL_Driver\Src\stm32l4xx_hal_rcc.o
 .text.HAL_RCC_GetSysClockFreq
                0x08001df8       0xfc Drivers\STM32L4xx_HAL_Driver\Src\stm32l4xx_hal_rcc.o
                0x08001df8                HAL_RCC_GetSysClockFreq
 .text.HAL_RCC_OscConfig
                0x08001ef4      0x500 Drivers\STM32L4xx_HAL_Driver\Src\stm32l4xx_hal_rcc.o
                0x08001ef4                HAL_RCC_OscConfig
 .text.HAL_RCC_ClockConfig
                0x080023f4      0x170 Drivers\STM32L4xx_HAL_Driver\Src\stm32l4xx_hal_rcc.o
                0x080023f4                HAL_RCC_ClockConfig
 .text.HAL_RCC_GetHCLKFreq
                0x08002564        0xc Drivers\STM32L4xx_HAL_Driver\Src\stm32l4xx_hal_rcc.o
                0x08002564                HAL_RCC_GetHCLKFreq
 .text.RCCEx_PLLSAI1_Config
                0x08002570      0x124 Drivers\STM32L4xx_HAL_Driver\Src\stm32l4xx_hal_rcc_ex.o
 .text.RCCEx_PLLSAI2_Config
                0x08002694      0x104 Drivers\STM32L4xx_HAL_Driver\Src\stm32l4xx_hal_rcc_ex.o
 .text.HAL_RCCEx_PeriphCLKConfig
                0x08002798      0x428 Drivers\STM32L4xx_HAL_Driver\Src\stm32l4xx_hal_rcc_ex.o
                0x08002798                HAL_RCCEx_PeriphCLKConfig
 .text.SystemClock_Config
                0x08002bc0       0xa0 Src\main.o
                0x08002bc0                SystemClock_Config
 .text.startup.main
                0x08002c60      0x4cc Src\main.o
                0x08002c60                main
 .text._Error_Handler
                0x0800312c        0x4 Src\main.o
                0x0800312c                _Error_Handler
 .text.HAL_MspInit
                0x08003130       0x90 Src\stm32l4xx_hal_msp.o
                0x08003130                HAL_MspInit
 .text.HAL_ADC_MspInit
                0x080031c0       0x94 Src\stm32l4xx_hal_msp.o
                0x080031c0                HAL_ADC_MspInit
 .text.NMI_Handler
                0x08003254        0x4 Src\stm32l4xx_it.o
                0x08003254                NMI_Handler
 .text.HardFault_Handler
                0x08003258        0x4 Src\stm32l4xx_it.o
                0x08003258                HardFault_Handler
 .text.MemManage_Handler
                0x0800325c        0x4 Src\stm32l4xx_it.o
                0x0800325c                MemManage_Handler
 .text.BusFault_Handler
                0x08003260        0x4 Src\stm32l4xx_it.o
                0x08003260                BusFault_Handler
 .text.UsageFault_Handler
                0x08003264        0x4 Src\stm32l4xx_it.o
                0x08003264                UsageFault_Handler
 .text.SVC_Handler
                0x08003268        0x4 Src\stm32l4xx_it.o
                0x08003268                SVC_Handler
 .text.DebugMon_Handler
                0x0800326c        0x4 Src\stm32l4xx_it.o
                0x0800326c                DebugMon_Handler
 .text.PendSV_Handler
                0x08003270        0x4 Src\stm32l4xx_it.o
                0x08003270                PendSV_Handler
 .text.SysTick_Handler
                0x08003274       0x10 Src\stm32l4xx_it.o
                0x08003274                SysTick_Handler
 .text.DMA1_Channel1_IRQHandler
                0x08003284        0xc Src\stm32l4xx_it.o
                0x08003284                DMA1_Channel1_IRQHandler
 .text.EXTI15_10_IRQHandler
                0x08003290        0x8 Src\stm32l4xx_it.o
                0x08003290                EXTI15_10_IRQHandler
 .text.SystemInit
                0x08003298       0x50 Src\system_stm32l4xx.o
                0x08003298                SystemInit
 .text.Reset_Handler
                0x080032e8       0x50 startup\startup_stm32l476xx.o
                0x080032e8                Reset_Handler
 .text.Default_Handler
                0x08003338        0x2 startup\startup_stm32l476xx.o
                0x08003338                RTC_Alarm_IRQHandler
                0x08003338                EXTI2_IRQHandler
                0x08003338                TIM8_TRG_COM_IRQHandler
                0x08003338                TIM8_CC_IRQHandler
                0x08003338                TIM1_CC_IRQHandler
                0x08003338                TSC_IRQHandler
                0x08003338                TAMP_STAMP_IRQHandler
                0x08003338                EXTI3_IRQHandler
                0x08003338                LPTIM2_IRQHandler
                0x08003338                DFSDM1_FLT1_IRQHandler
                0x08003338                I2C3_ER_IRQHandler
                0x08003338                DFSDM1_FLT2_IRQHandler
                0x08003338                EXTI0_IRQHandler
                0x08003338                I2C2_EV_IRQHandler
                0x08003338                CAN1_RX0_IRQHandler
                0x08003338                FPU_IRQHandler
                0x08003338                TIM1_UP_TIM16_IRQHandler
                0x08003338                ADC1_2_IRQHandler
                0x08003338                SPI1_IRQHandler
                0x08003338                TIM6_DAC_IRQHandler
                0x08003338                TIM8_UP_IRQHandler
                0x08003338                DMA2_Channel2_IRQHandler
                0x08003338                DMA1_Channel4_IRQHandler
                0x08003338                SAI2_IRQHandler
                0x08003338                DFSDM1_FLT3_IRQHandler
                0x08003338                USART3_IRQHandler
                0x08003338                DMA1_Channel7_IRQHandler
                0x08003338                CAN1_RX1_IRQHandler
                0x08003338                LCD_IRQHandler
                0x08003338                UART5_IRQHandler
                0x08003338                ADC3_IRQHandler
                0x08003338                TIM4_IRQHandler
                0x08003338                DMA2_Channel1_IRQHandler
                0x08003338                QUADSPI_IRQHandler
                0x08003338                I2C1_EV_IRQHandler
                0x08003338                DMA1_Channel6_IRQHandler
                0x08003338                UART4_IRQHandler
                0x08003338                DMA2_Channel4_IRQHandler
                0x08003338                TIM3_IRQHandler
                0x08003338                RCC_IRQHandler
                0x08003338                Default_Handler
                0x08003338                DMA2_Channel7_IRQHandler
                0x08003338                TIM7_IRQHandler
                0x08003338                SDMMC1_IRQHandler
                0x08003338                TIM5_IRQHandler
                0x08003338                I2C3_EV_IRQHandler
                0x08003338                EXTI9_5_IRQHandler
                0x08003338                RTC_WKUP_IRQHandler
                0x08003338                PVD_PVM_IRQHandler
                0x08003338                SPI2_IRQHandler
                0x08003338                CAN1_TX_IRQHandler
                0x08003338                DMA2_Channel5_IRQHandler
                0x08003338                DMA1_Channel5_IRQHandler
                0x08003338                EXTI4_IRQHandler
                0x08003338                RNG_IRQHandler
                0x08003338                TIM1_TRG_COM_TIM17_IRQHandler
                0x08003338                DMA1_Channel3_IRQHandler
                0x08003338                COMP_IRQHandler
                0x08003338                WWDG_IRQHandler
                0x08003338                LPUART1_IRQHandler
                0x08003338                DMA2_Channel6_IRQHandler
                0x08003338                TIM2_IRQHandler
                0x08003338                EXTI1_IRQHandler
                0x08003338                USART2_IRQHandler
                0x08003338                DFSDM1_FLT0_IRQHandler
                0x08003338                I2C2_ER_IRQHandler
                0x08003338                DMA1_Channel2_IRQHandler
                0x08003338                TIM8_BRK_IRQHandler
                0x08003338                CAN1_SCE_IRQHandler
                0x08003338                FLASH_IRQHandler
                0x08003338                USART1_IRQHandler
                0x08003338                OTG_FS_IRQHandler
                0x08003338                SPI3_IRQHandler
                0x08003338                I2C1_ER_IRQHandler
                0x08003338                FMC_IRQHandler
                0x08003338                SWPMI1_IRQHandler
                0x08003338                LPTIM1_IRQHandler
                0x08003338                SAI1_IRQHandler
                0x08003338                DMA2_Channel3_IRQHandler
                0x08003338                TIM1_BRK_TIM15_IRQHandler
 *fill*         0x0800333a        0x2 
 .text.arm_rms_f32
                0x0800333c       0xac C:\Users\dell\Documents\Embedded System\FFT_27thApril\Lib\libarm_cortexM4lf_math.a(arm_rms_f32.o)
                0x0800333c                arm_rms_f32
 .text.arm_min_f32
                0x080033e8       0xd0 C:\Users\dell\Documents\Embedded System\FFT_27thApril\Lib\libarm_cortexM4lf_math.a(arm_min_f32.o)
                0x080033e8                arm_min_f32
 .text.arm_mean_f32
                0x080034b8       0x68 C:\Users\dell\Documents\Embedded System\FFT_27thApril\Lib\libarm_cortexM4lf_math.a(arm_mean_f32.o)
                0x080034b8                arm_mean_f32
 .text.arm_cfft_radix4_init_f32
                0x08003520       0xc4 C:\Users\dell\Documents\Embedded System\FFT_27thApril\Lib\libarm_cortexM4lf_math.a(arm_cfft_radix4_init_f32.o)
                0x08003520                arm_cfft_radix4_init_f32
 .text.arm_radix4_butterfly_f32
                0x080035e4      0x394 C:\Users\dell\Documents\Embedded System\FFT_27thApril\Lib\libarm_cortexM4lf_math.a(arm_cfft_radix4_f32.o)
                0x080035e4                arm_radix4_butterfly_f32
 .text.arm_radix4_butterfly_inverse_f32
                0x08003978      0x3b0 C:\Users\dell\Documents\Embedded System\FFT_27thApril\Lib\libarm_cortexM4lf_math.a(arm_cfft_radix4_f32.o)
                0x08003978                arm_radix4_butterfly_inverse_f32
 .text.arm_cfft_radix4_f32
                0x08003d28       0x48 C:\Users\dell\Documents\Embedded System\FFT_27thApril\Lib\libarm_cortexM4lf_math.a(arm_cfft_radix4_f32.o)
                0x08003d28                arm_cfft_radix4_f32
 .text.arm_cmplx_mag_f32
                0x08003d70      0x1d0 C:\Users\dell\Documents\Embedded System\FFT_27thApril\Lib\libarm_cortexM4lf_math.a(arm_cmplx_mag_f32.o)
                0x08003d70                arm_cmplx_mag_f32
 .text.arm_sub_f32
                0x08003f40       0x8c C:\Users\dell\Documents\Embedded System\FFT_27thApril\Lib\libarm_cortexM4lf_math.a(arm_sub_f32.o)
                0x08003f40                arm_sub_f32
 .text.arm_mult_f32
                0x08003fcc       0x8c C:\Users\dell\Documents\Embedded System\FFT_27thApril\Lib\libarm_cortexM4lf_math.a(arm_mult_f32.o)
                0x08003fcc                arm_mult_f32
 .text.arm_bitreversal_f32
                0x08004058       0xe0 C:\Users\dell\Documents\Embedded System\FFT_27thApril\Lib\libarm_cortexM4lf_math.a(arm_bitreversal.o)
                0x08004058                arm_bitreversal_f32
 .text.__libc_init_array
                0x08004138       0x48 c:/program files (x86)/atollic/truestudio for stm32 9.0.0/armtools/bin/../lib/gcc/arm-atollic-eabi/6.3.1/../../../../arm-atollic-eabi/lib/armv7e-m/fpu\libc_nano.a(lib_a-init.o)
                0x08004138                __libc_init_array
 .text.sqrtf    0x08004180       0xa0 c:/program files (x86)/atollic/truestudio for stm32 9.0.0/armtools/bin/../lib/gcc/arm-atollic-eabi/6.3.1/../../../../arm-atollic-eabi/lib/armv7e-m/fpu\libm.a(lib_a-wf_sqrt.o)
                0x08004180                sqrtf
 .text.__ieee754_sqrtf
                0x08004220       0x8e c:/program files (x86)/atollic/truestudio for stm32 9.0.0/armtools/bin/../lib/gcc/arm-atollic-eabi/6.3.1/../../../../arm-atollic-eabi/lib/armv7e-m/fpu\libm.a(lib_a-ef_sqrt.o)
                0x08004220                __ieee754_sqrtf
 .text.matherr  0x080042ae        0x4 c:/program files (x86)/atollic/truestudio for stm32 9.0.0/armtools/bin/../lib/gcc/arm-atollic-eabi/6.3.1/../../../../arm-atollic-eabi/lib/armv7e-m/fpu\libm.a(lib_a-s_matherr.o)
                0x080042ae                matherr
 *fill*         0x080042b2        0x2 
 .text.__errno  0x080042b4        0xc c:/program files (x86)/atollic/truestudio for stm32 9.0.0/armtools/bin/../lib/gcc/arm-atollic-eabi/6.3.1/../../../../arm-atollic-eabi/lib/armv7e-m/fpu\libc_nano.a(lib_a-errno.o)
                0x080042b4                __errno
 *(.glue_7)
 .glue_7        0x080042c0        0x0 linker stubs
 *(.glue_7t)
 .glue_7t       0x080042c0        0x0 linker stubs
 *(.eh_frame)
 .eh_frame      0x080042c0        0x0 c:/program files (x86)/atollic/truestudio for stm32 9.0.0/armtools/bin/../lib/gcc/arm-atollic-eabi/6.3.1/armv7e-m/fpu/crtbegin.o
 *(.init)
 .init          0x080042c0        0x4 c:/program files (x86)/atollic/truestudio for stm32 9.0.0/armtools/bin/../lib/gcc/arm-atollic-eabi/6.3.1/armv7e-m/fpu/crti.o
                0x080042c0                _init
 .init          0x080042c4        0x8 c:/program files (x86)/atollic/truestudio for stm32 9.0.0/armtools/bin/../lib/gcc/arm-atollic-eabi/6.3.1/armv7e-m/fpu/crtn.o
 *(.fini)
 .fini          0x080042cc        0x4 c:/program files (x86)/atollic/truestudio for stm32 9.0.0/armtools/bin/../lib/gcc/arm-atollic-eabi/6.3.1/armv7e-m/fpu/crti.o
                0x080042cc                _fini
 .fini          0x080042d0        0x8 c:/program files (x86)/atollic/truestudio for stm32 9.0.0/armtools/bin/../lib/gcc/arm-atollic-eabi/6.3.1/armv7e-m/fpu/crtn.o
                0x080042d8                . = ALIGN (0x4)
                0x080042d8                _etext = .

.vfp11_veneer   0x080042d8        0x0
 .vfp11_veneer  0x080042d8        0x0 linker stubs

.v4_bx          0x080042d8        0x0
 .v4_bx         0x080042d8        0x0 linker stubs

.iplt           0x080042d8        0x0
 .iplt          0x080042d8        0x0 c:/program files (x86)/atollic/truestudio for stm32 9.0.0/armtools/bin/../lib/gcc/arm-atollic-eabi/6.3.1/armv7e-m/fpu/crtbegin.o

.rodata         0x080042d8     0x8864
                0x080042d8                . = ALIGN (0x4)
 *(.rodata)
 *(.rodata*)
 .rodata.HAL_ADC_MspInit.str1.4
                0x080042d8       0x1c Src\stm32l4xx_hal_msp.o
                                 0x1b (size before relaxing)
 .rodata.AHBPrescTable
                0x080042f4       0x10 Src\system_stm32l4xx.o
                0x080042f4                AHBPrescTable
 .rodata.MSIRangeTable
                0x08004304       0x30 Src\system_stm32l4xx.o
                0x08004304                MSIRangeTable
 .rodata.armBitRevTable
                0x08004334      0x800 C:\Users\dell\Documents\Embedded System\FFT_27thApril\Lib\libarm_cortexM4lf_math.a(arm_common_tables.o)
                0x08004334                armBitRevTable
 .rodata.twiddleCoef_4096
                0x08004b34     0x8000 C:\Users\dell\Documents\Embedded System\FFT_27thApril\Lib\libarm_cortexM4lf_math.a(arm_common_tables.o)
                0x08004b34                twiddleCoef_4096
 .rodata.sqrtf.str1.1
                0x0800cb34        0x6 c:/program files (x86)/atollic/truestudio for stm32 9.0.0/armtools/bin/../lib/gcc/arm-atollic-eabi/6.3.1/../../../../arm-atollic-eabi/lib/armv7e-m/fpu\libm.a(lib_a-wf_sqrt.o)
                0x0800cb3c                . = ALIGN (0x4)
 *fill*         0x0800cb3a        0x2 

.rel.dyn        0x0800cb3c        0x0
 .rel.iplt      0x0800cb3c        0x0 c:/program files (x86)/atollic/truestudio for stm32 9.0.0/armtools/bin/../lib/gcc/arm-atollic-eabi/6.3.1/armv7e-m/fpu/crtbegin.o

.ARM.extab
 *(.ARM.extab* .gnu.linkonce.armextab.*)

.ARM            0x0800cb3c        0x0
                0x0800cb3c                __exidx_start = .
 *(.ARM.exidx*)
                0x0800cb3c                __exidx_end = .

.preinit_array  0x0800cb3c        0x0
                0x0800cb3c                PROVIDE (__preinit_array_start, .)
 *(.preinit_array*)
                0x0800cb3c                PROVIDE (__preinit_array_end, .)

.init_array     0x0800cb3c        0x4
                0x0800cb3c                PROVIDE (__init_array_start, .)
 *(SORT(.init_array.*))
 *(.init_array*)
 .init_array    0x0800cb3c        0x4 c:/program files (x86)/atollic/truestudio for stm32 9.0.0/armtools/bin/../lib/gcc/arm-atollic-eabi/6.3.1/armv7e-m/fpu/crtbegin.o
                0x0800cb40                PROVIDE (__init_array_end, .)

.fini_array     0x0800cb40        0x4
                [!provide]                PROVIDE (__fini_array_start, .)
 *(SORT(.fini_array.*))
 *(.fini_array*)
 .fini_array    0x0800cb40        0x4 c:/program files (x86)/atollic/truestudio for stm32 9.0.0/armtools/bin/../lib/gcc/arm-atollic-eabi/6.3.1/armv7e-m/fpu/crtbegin.o
                [!provide]                PROVIDE (__fini_array_end, .)
                0x0800cb44                _sidata = LOADADDR (.data)

.data           0x20000000      0xd4c load address 0x0800cb44
                0x20000000                . = ALIGN (0x4)
                0x20000000                _sdata = .
 *(.data)
 *(.data*)
 .data.aayu_aa  0x20000000       0x18 Src\main.o
                0x20000000                aayu_aa
 .data.aayu_e   0x20000018       0x18 Src\main.o
                0x20000018                aayu_e
 .data.aayu_o   0x20000030       0x18 Src\main.o
                0x20000030                aayu_o
 .data.aman_aa  0x20000048       0x18 Src\main.o
                0x20000048                aman_aa
 .data.aman_e   0x20000060       0x18 Src\main.o
                0x20000060                aman_e
 .data.aman_o   0x20000078       0x18 Src\main.o
                0x20000078                aman_o
 .data.doBitReverse
                0x20000090        0x4 Src\main.o
                0x20000090                doBitReverse
 .data.fftSize  0x20000094        0x4 Src\main.o
                0x20000094                fftSize
 .data.filter1  0x20000098      0x200 Src\main.o
                0x20000098                filter1
 .data.filter2  0x20000298      0x200 Src\main.o
                0x20000298                filter2
 .data.filter3  0x20000498      0x200 Src\main.o
                0x20000498                filter3
 .data.filter4  0x20000698      0x200 Src\main.o
                0x20000698                filter4
 .data.filter5  0x20000898      0x200 Src\main.o
                0x20000898                filter5
 .data.filter6  0x20000a98      0x200 Src\main.o
                0x20000a98                filter6
 .data.kshi_aa  0x20000c98       0x18 Src\main.o
                0x20000c98                kshi_aa
 .data.kshi_e   0x20000cb0       0x18 Src\main.o
                0x20000cb0                kshi_e
 .data.kshi_o   0x20000cc8       0x18 Src\main.o
                0x20000cc8                kshi_o
 .data.SystemCoreClock
                0x20000ce0        0x4 Src\system_stm32l4xx.o
                0x20000ce0                SystemCoreClock
 .data.__fdlib_version
                0x20000ce4        0x1 c:/program files (x86)/atollic/truestudio for stm32 9.0.0/armtools/bin/../lib/gcc/arm-atollic-eabi/6.3.1/../../../../arm-atollic-eabi/lib/armv7e-m/fpu\libm.a(lib_a-s_lib_ver.o)
                0x20000ce4                __fdlib_version
 *fill*         0x20000ce5        0x3 
 .data._impure_ptr
                0x20000ce8        0x4 c:/program files (x86)/atollic/truestudio for stm32 9.0.0/armtools/bin/../lib/gcc/arm-atollic-eabi/6.3.1/../../../../arm-atollic-eabi/lib/armv7e-m/fpu\libc_nano.a(lib_a-impure.o)
                0x20000ce8                _impure_ptr
 .data.impure_data
                0x20000cec       0x60 c:/program files (x86)/atollic/truestudio for stm32 9.0.0/armtools/bin/../lib/gcc/arm-atollic-eabi/6.3.1/../../../../arm-atollic-eabi/lib/armv7e-m/fpu\libc_nano.a(lib_a-impure.o)
                0x20000d4c                . = ALIGN (0x4)
                0x20000d4c                _edata = .

.igot.plt       0x20000d4c        0x0 load address 0x0800d890
 .igot.plt      0x20000d4c        0x0 c:/program files (x86)/atollic/truestudio for stm32 9.0.0/armtools/bin/../lib/gcc/arm-atollic-eabi/6.3.1/armv7e-m/fpu/crtbegin.o
                0x20000d4c                . = ALIGN (0x4)

.bss            0x20000d4c     0x154c load address 0x0800d890
                0x20000d4c                _sbss = .
                0x20000d4c                __bss_start__ = _sbss
 *(.bss)
 .bss           0x20000d4c       0x1c c:/program files (x86)/atollic/truestudio for stm32 9.0.0/armtools/bin/../lib/gcc/arm-atollic-eabi/6.3.1/armv7e-m/fpu/crtbegin.o
 *(.bss*)
 .bss.domi_value
                0x20000d68        0x4 Src\main.o
                0x20000d68                domi_value
 .bss.ifftFlag  0x20000d6c        0x4 Src\main.o
                0x20000d6c                ifftFlag
 *(COMMON)
 COMMON         0x20000d70        0x4 Drivers\STM32L4xx_HAL_Driver\Src\stm32l4xx_hal.o
                0x20000d70                uwTick
 COMMON         0x20000d74     0x1524 Src\main.o
                0x20000d74                filter_temp
                0x20000f74                funda_value
                0x20000f78                domi_index
                0x20000f7c                dom_freq
                0x20000f80                temp
                0x20000f98                funda_index
                0x20000f9c                hadc1
                0x20001004                fft_mag
                0x20001404                temp_fft
                0x20001604                filter_energy
                0x2000161c                hdma_adc1
                0x20001664                min_dist_index
                0x20001668                adc_data
                0x20001868                rms_energy
                0x2000188c                fft_mag_k1
                0x20001890                filter_out
                0x20001a90                fft_inp
                0x20002290                filter_energy1
                0x20002294                min_dist_value
                0x20002298                . = ALIGN (0x4)
                0x20002298                _ebss = .
                0x20002298                __bss_end__ = _ebss

._user_heap_stack
                0x20002298      0x600 load address 0x0800d890
                0x20002298                . = ALIGN (0x4)
                [!provide]                PROVIDE (end, .)
                [!provide]                PROVIDE (_end, .)
                0x20002498                . = (. + _Min_Heap_Size)
 *fill*         0x20002298      0x200 
                0x20002898                . = (. + _Min_Stack_Size)
 *fill*         0x20002498      0x400 
                0x20002898                . = ALIGN (0x4)

/DISCARD/
 libc.a(*)
 libm.a(*)
 libgcc.a(*)

.ARM.attributes
                0x00000000       0x30
 *(.ARM.attributes)
 .ARM.attributes
                0x00000000       0x22 c:/program files (x86)/atollic/truestudio for stm32 9.0.0/armtools/bin/../lib/gcc/arm-atollic-eabi/6.3.1/armv7e-m/fpu/crti.o
 .ARM.attributes
                0x00000022       0x34 c:/program files (x86)/atollic/truestudio for stm32 9.0.0/armtools/bin/../lib/gcc/arm-atollic-eabi/6.3.1/armv7e-m/fpu/crtbegin.o
 .ARM.attributes
                0x00000056       0x39 Drivers\STM32L4xx_HAL_Driver\Src\stm32l4xx_hal.o
 .ARM.attributes
                0x0000008f       0x39 Drivers\STM32L4xx_HAL_Driver\Src\stm32l4xx_hal_adc.o
 .ARM.attributes
                0x000000c8       0x39 Drivers\STM32L4xx_HAL_Driver\Src\stm32l4xx_hal_adc_ex.o
 .ARM.attributes
                0x00000101       0x39 Drivers\STM32L4xx_HAL_Driver\Src\stm32l4xx_hal_cortex.o
 .ARM.attributes
                0x0000013a       0x39 Drivers\STM32L4xx_HAL_Driver\Src\stm32l4xx_hal_dma.o
 .ARM.attributes
                0x00000173       0x39 Drivers\STM32L4xx_HAL_Driver\Src\stm32l4xx_hal_gpio.o
 .ARM.attributes
                0x000001ac       0x39 Drivers\STM32L4xx_HAL_Driver\Src\stm32l4xx_hal_pwr_ex.o
 .ARM.attributes
                0x000001e5       0x39 Drivers\STM32L4xx_HAL_Driver\Src\stm32l4xx_hal_rcc.o
 .ARM.attributes
                0x0000021e       0x39 Drivers\STM32L4xx_HAL_Driver\Src\stm32l4xx_hal_rcc_ex.o
 .ARM.attributes
                0x00000257       0x39 Src\main.o
 .ARM.attributes
                0x00000290       0x39 Src\stm32l4xx_hal_msp.o
 .ARM.attributes
                0x000002c9       0x39 Src\stm32l4xx_it.o
 .ARM.attributes
                0x00000302       0x39 Src\system_stm32l4xx.o
 .ARM.attributes
                0x0000033b       0x21 startup\startup_stm32l476xx.o
 .ARM.attributes
                0x0000035c       0x39 C:\Users\dell\Documents\Embedded System\FFT_27thApril\Lib\libarm_cortexM4lf_math.a(arm_rms_f32.o)
 .ARM.attributes
                0x00000395       0x39 C:\Users\dell\Documents\Embedded System\FFT_27thApril\Lib\libarm_cortexM4lf_math.a(arm_min_f32.o)
 .ARM.attributes
                0x000003ce       0x39 C:\Users\dell\Documents\Embedded System\FFT_27thApril\Lib\libarm_cortexM4lf_math.a(arm_mean_f32.o)
 .ARM.attributes
                0x00000407       0x39 C:\Users\dell\Documents\Embedded System\FFT_27thApril\Lib\libarm_cortexM4lf_math.a(arm_cfft_radix4_init_f32.o)
 .ARM.attributes
                0x00000440       0x39 C:\Users\dell\Documents\Embedded System\FFT_27thApril\Lib\libarm_cortexM4lf_math.a(arm_cfft_radix4_f32.o)
 .ARM.attributes
                0x00000479       0x39 C:\Users\dell\Documents\Embedded System\FFT_27thApril\Lib\libarm_cortexM4lf_math.a(arm_cmplx_mag_f32.o)
 .ARM.attributes
                0x000004b2       0x39 C:\Users\dell\Documents\Embedded System\FFT_27thApril\Lib\libarm_cortexM4lf_math.a(arm_sub_f32.o)
 .ARM.attributes
                0x000004eb       0x39 C:\Users\dell\Documents\Embedded System\FFT_27thApril\Lib\libarm_cortexM4lf_math.a(arm_mult_f32.o)
 .ARM.attributes
                0x00000524       0x39 C:\Users\dell\Documents\Embedded System\FFT_27thApril\Lib\libarm_cortexM4lf_math.a(arm_common_tables.o)
 .ARM.attributes
                0x0000055d       0x39 C:\Users\dell\Documents\Embedded System\FFT_27thApril\Lib\libarm_cortexM4lf_math.a(arm_bitreversal.o)
 .ARM.attributes
                0x00000596       0x34 c:/program files (x86)/atollic/truestudio for stm32 9.0.0/armtools/bin/../lib/gcc/arm-atollic-eabi/6.3.1/../../../../arm-atollic-eabi/lib/armv7e-m/fpu\libc_nano.a(lib_a-init.o)
 .ARM.attributes
                0x000005ca       0x34 c:/program files (x86)/atollic/truestudio for stm32 9.0.0/armtools/bin/../lib/gcc/arm-atollic-eabi/6.3.1/../../../../arm-atollic-eabi/lib/armv7e-m/fpu\libm.a(lib_a-wf_sqrt.o)
 .ARM.attributes
                0x000005fe       0x34 c:/program files (x86)/atollic/truestudio for stm32 9.0.0/armtools/bin/../lib/gcc/arm-atollic-eabi/6.3.1/../../../../arm-atollic-eabi/lib/armv7e-m/fpu\libm.a(lib_a-ef_sqrt.o)
 .ARM.attributes
                0x00000632       0x34 c:/program files (x86)/atollic/truestudio for stm32 9.0.0/armtools/bin/../lib/gcc/arm-atollic-eabi/6.3.1/../../../../arm-atollic-eabi/lib/armv7e-m/fpu\libm.a(lib_a-s_lib_ver.o)
 .ARM.attributes
                0x00000666       0x34 c:/program files (x86)/atollic/truestudio for stm32 9.0.0/armtools/bin/../lib/gcc/arm-atollic-eabi/6.3.1/../../../../arm-atollic-eabi/lib/armv7e-m/fpu\libm.a(lib_a-s_matherr.o)
 .ARM.attributes
                0x0000069a       0x34 c:/program files (x86)/atollic/truestudio for stm32 9.0.0/armtools/bin/../lib/gcc/arm-atollic-eabi/6.3.1/../../../../arm-atollic-eabi/lib/armv7e-m/fpu\libc_nano.a(lib_a-errno.o)
 .ARM.attributes
                0x000006ce       0x34 c:/program files (x86)/atollic/truestudio for stm32 9.0.0/armtools/bin/../lib/gcc/arm-atollic-eabi/6.3.1/../../../../arm-atollic-eabi/lib/armv7e-m/fpu\libc_nano.a(lib_a-impure.o)
 .ARM.attributes
                0x00000702       0x22 c:/program files (x86)/atollic/truestudio for stm32 9.0.0/armtools/bin/../lib/gcc/arm-atollic-eabi/6.3.1/armv7e-m/fpu\libgcc.a(_arm_addsubdf3.o)
 .ARM.attributes
                0x00000724       0x22 c:/program files (x86)/atollic/truestudio for stm32 9.0.0/armtools/bin/../lib/gcc/arm-atollic-eabi/6.3.1/armv7e-m/fpu\libgcc.a(_arm_muldivdf3.o)
 .ARM.attributes
                0x00000746       0x22 c:/program files (x86)/atollic/truestudio for stm32 9.0.0/armtools/bin/../lib/gcc/arm-atollic-eabi/6.3.1/armv7e-m/fpu\libgcc.a(_arm_truncdfsf2.o)
 .ARM.attributes
                0x00000768       0x22 c:/program files (x86)/atollic/truestudio for stm32 9.0.0/armtools/bin/../lib/gcc/arm-atollic-eabi/6.3.1/armv7e-m/fpu/crtn.o
OUTPUT(FFT_27thApril.elf elf32-littlearm)

.debug_info     0x00000000    0x15cfa
 .debug_info    0x00000000     0x1301 Drivers\STM32L4xx_HAL_Driver\Src\stm32l4xx_hal.o
 .debug_info    0x00001301     0x2ed4 Drivers\STM32L4xx_HAL_Driver\Src\stm32l4xx_hal_adc.o
 .debug_info    0x000041d5     0x253f Drivers\STM32L4xx_HAL_Driver\Src\stm32l4xx_hal_adc_ex.o
 .debug_info    0x00006714     0x1777 Drivers\STM32L4xx_HAL_Driver\Src\stm32l4xx_hal_cortex.o
 .debug_info    0x00007e8b     0x1069 Drivers\STM32L4xx_HAL_Driver\Src\stm32l4xx_hal_dma.o
 .debug_info    0x00008ef4     0x1083 Drivers\STM32L4xx_HAL_Driver\Src\stm32l4xx_hal_gpio.o
 .debug_info    0x00009f77     0x12a1 Drivers\STM32L4xx_HAL_Driver\Src\stm32l4xx_hal_pwr_ex.o
 .debug_info    0x0000b218     0x15eb Drivers\STM32L4xx_HAL_Driver\Src\stm32l4xx_hal_rcc.o
 .debug_info    0x0000c803     0x17ef Drivers\STM32L4xx_HAL_Driver\Src\stm32l4xx_hal_rcc_ex.o
 .debug_info    0x0000dff2     0x27cb Src\main.o
 .debug_info    0x000107bd     0x16e9 Src\stm32l4xx_hal_msp.o
 .debug_info    0x00011ea6      0xc9a Src\stm32l4xx_it.o
 .debug_info    0x00012b40      0xdd5 Src\system_stm32l4xx.o
 .debug_info    0x00013915       0x82 startup\startup_stm32l476xx.o
 .debug_info    0x00013997      0x1d9 C:\Users\dell\Documents\Embedded System\FFT_27thApril\Lib\libarm_cortexM4lf_math.a(arm_rms_f32.o)
 .debug_info    0x00013b70      0x164 C:\Users\dell\Documents\Embedded System\FFT_27thApril\Lib\libarm_cortexM4lf_math.a(arm_min_f32.o)
 .debug_info    0x00013cd4      0x155 C:\Users\dell\Documents\Embedded System\FFT_27thApril\Lib\libarm_cortexM4lf_math.a(arm_mean_f32.o)
 .debug_info    0x00013e29      0x265 C:\Users\dell\Documents\Embedded System\FFT_27thApril\Lib\libarm_cortexM4lf_math.a(arm_cfft_radix4_init_f32.o)
 .debug_info    0x0001408e      0x9d0 C:\Users\dell\Documents\Embedded System\FFT_27thApril\Lib\libarm_cortexM4lf_math.a(arm_cfft_radix4_f32.o)
 .debug_info    0x00014a5e      0x296 C:\Users\dell\Documents\Embedded System\FFT_27thApril\Lib\libarm_cortexM4lf_math.a(arm_cmplx_mag_f32.o)
 .debug_info    0x00014cf4      0x195 C:\Users\dell\Documents\Embedded System\FFT_27thApril\Lib\libarm_cortexM4lf_math.a(arm_sub_f32.o)
 .debug_info    0x00014e89      0x1c9 C:\Users\dell\Documents\Embedded System\FFT_27thApril\Lib\libarm_cortexM4lf_math.a(arm_mult_f32.o)
 .debug_info    0x00015052      0x9b1 C:\Users\dell\Documents\Embedded System\FFT_27thApril\Lib\libarm_cortexM4lf_math.a(arm_common_tables.o)
 .debug_info    0x00015a03      0x2f7 C:\Users\dell\Documents\Embedded System\FFT_27thApril\Lib\libarm_cortexM4lf_math.a(arm_bitreversal.o)

.debug_abbrev   0x00000000     0x2cb6
 .debug_abbrev  0x00000000      0x2c9 Drivers\STM32L4xx_HAL_Driver\Src\stm32l4xx_hal.o
 .debug_abbrev  0x000002c9      0x34e Drivers\STM32L4xx_HAL_Driver\Src\stm32l4xx_hal_adc.o
 .debug_abbrev  0x00000617      0x36d Drivers\STM32L4xx_HAL_Driver\Src\stm32l4xx_hal_adc_ex.o
 .debug_abbrev  0x00000984      0x37d Drivers\STM32L4xx_HAL_Driver\Src\stm32l4xx_hal_cortex.o
 .debug_abbrev  0x00000d01      0x2b4 Drivers\STM32L4xx_HAL_Driver\Src\stm32l4xx_hal_dma.o
 .debug_abbrev  0x00000fb5      0x277 Drivers\STM32L4xx_HAL_Driver\Src\stm32l4xx_hal_gpio.o
 .debug_abbrev  0x0000122c      0x2c7 Drivers\STM32L4xx_HAL_Driver\Src\stm32l4xx_hal_pwr_ex.o
 .debug_abbrev  0x000014f3      0x2c7 Drivers\STM32L4xx_HAL_Driver\Src\stm32l4xx_hal_rcc.o
 .debug_abbrev  0x000017ba      0x2ec Drivers\STM32L4xx_HAL_Driver\Src\stm32l4xx_hal_rcc_ex.o
 .debug_abbrev  0x00001aa6      0x350 Src\main.o
 .debug_abbrev  0x00001df6      0x223 Src\stm32l4xx_hal_msp.o
 .debug_abbrev  0x00002019      0x22b Src\stm32l4xx_it.o
 .debug_abbrev  0x00002244      0x1eb Src\system_stm32l4xx.o
 .debug_abbrev  0x0000242f       0x12 startup\startup_stm32l476xx.o
 .debug_abbrev  0x00002441      0x11c C:\Users\dell\Documents\Embedded System\FFT_27thApril\Lib\libarm_cortexM4lf_math.a(arm_rms_f32.o)
 .debug_abbrev  0x0000255d       0xb2 C:\Users\dell\Documents\Embedded System\FFT_27thApril\Lib\libarm_cortexM4lf_math.a(arm_min_f32.o)
 .debug_abbrev  0x0000260f       0xa3 C:\Users\dell\Documents\Embedded System\FFT_27thApril\Lib\libarm_cortexM4lf_math.a(arm_mean_f32.o)
 .debug_abbrev  0x000026b2      0x10e C:\Users\dell\Documents\Embedded System\FFT_27thApril\Lib\libarm_cortexM4lf_math.a(arm_cfft_radix4_init_f32.o)
 .debug_abbrev  0x000027c0      0x171 C:\Users\dell\Documents\Embedded System\FFT_27thApril\Lib\libarm_cortexM4lf_math.a(arm_cfft_radix4_f32.o)
 .debug_abbrev  0x00002931      0x11e C:\Users\dell\Documents\Embedded System\FFT_27thApril\Lib\libarm_cortexM4lf_math.a(arm_cmplx_mag_f32.o)
 .debug_abbrev  0x00002a4f       0x85 C:\Users\dell\Documents\Embedded System\FFT_27thApril\Lib\libarm_cortexM4lf_math.a(arm_sub_f32.o)
 .debug_abbrev  0x00002ad4       0x92 C:\Users\dell\Documents\Embedded System\FFT_27thApril\Lib\libarm_cortexM4lf_math.a(arm_mult_f32.o)
 .debug_abbrev  0x00002b66       0x84 C:\Users\dell\Documents\Embedded System\FFT_27thApril\Lib\libarm_cortexM4lf_math.a(arm_common_tables.o)
 .debug_abbrev  0x00002bea       0xcc C:\Users\dell\Documents\Embedded System\FFT_27thApril\Lib\libarm_cortexM4lf_math.a(arm_bitreversal.o)

.debug_loc      0x00000000     0xa384
 .debug_loc     0x00000000      0x103 Drivers\STM32L4xx_HAL_Driver\Src\stm32l4xx_hal.o
 .debug_loc     0x00000103     0x1e52 Drivers\STM32L4xx_HAL_Driver\Src\stm32l4xx_hal_adc.o
 .debug_loc     0x00001f55     0x15dd Drivers\STM32L4xx_HAL_Driver\Src\stm32l4xx_hal_adc_ex.o
 .debug_loc     0x00003532      0x63a Drivers\STM32L4xx_HAL_Driver\Src\stm32l4xx_hal_cortex.o
 .debug_loc     0x00003b6c      0x669 Drivers\STM32L4xx_HAL_Driver\Src\stm32l4xx_hal_dma.o
 .debug_loc     0x000041d5      0x398 Drivers\STM32L4xx_HAL_Driver\Src\stm32l4xx_hal_gpio.o
 .debug_loc     0x0000456d      0x86a Drivers\STM32L4xx_HAL_Driver\Src\stm32l4xx_hal_pwr_ex.o
 .debug_loc     0x00004dd7      0x70e Drivers\STM32L4xx_HAL_Driver\Src\stm32l4xx_hal_rcc.o
 .debug_loc     0x000054e5      0xf36 Drivers\STM32L4xx_HAL_Driver\Src\stm32l4xx_hal_rcc_ex.o
 .debug_loc     0x0000641b      0x105 Src\main.o
 .debug_loc     0x00006520       0x4a Src\stm32l4xx_hal_msp.o
 .debug_loc     0x0000656a      0x1c0 Src\system_stm32l4xx.o
 .debug_loc     0x0000672a      0x2e6 C:\Users\dell\Documents\Embedded System\FFT_27thApril\Lib\libarm_cortexM4lf_math.a(arm_rms_f32.o)
 .debug_loc     0x00006a10      0x178 C:\Users\dell\Documents\Embedded System\FFT_27thApril\Lib\libarm_cortexM4lf_math.a(arm_min_f32.o)
 .debug_loc     0x00006b88      0x197 C:\Users\dell\Documents\Embedded System\FFT_27thApril\Lib\libarm_cortexM4lf_math.a(arm_mean_f32.o)
 .debug_loc     0x00006d1f      0x360 C:\Users\dell\Documents\Embedded System\FFT_27thApril\Lib\libarm_cortexM4lf_math.a(arm_cfft_radix4_init_f32.o)
 .debug_loc     0x0000707f     0x2469 C:\Users\dell\Documents\Embedded System\FFT_27thApril\Lib\libarm_cortexM4lf_math.a(arm_cfft_radix4_f32.o)
 .debug_loc     0x000094e8      0x6f8 C:\Users\dell\Documents\Embedded System\FFT_27thApril\Lib\libarm_cortexM4lf_math.a(arm_cmplx_mag_f32.o)
 .debug_loc     0x00009be0      0x1fc C:\Users\dell\Documents\Embedded System\FFT_27thApril\Lib\libarm_cortexM4lf_math.a(arm_sub_f32.o)
 .debug_loc     0x00009ddc      0x252 C:\Users\dell\Documents\Embedded System\FFT_27thApril\Lib\libarm_cortexM4lf_math.a(arm_mult_f32.o)
 .debug_loc     0x0000a02e      0x356 C:\Users\dell\Documents\Embedded System\FFT_27thApril\Lib\libarm_cortexM4lf_math.a(arm_bitreversal.o)

.debug_aranges  0x00000000      0x8f8
 .debug_aranges
                0x00000000      0x110 Drivers\STM32L4xx_HAL_Driver\Src\stm32l4xx_hal.o
 .debug_aranges
                0x00000110       0xd0 Drivers\STM32L4xx_HAL_Driver\Src\stm32l4xx_hal_adc.o
 .debug_aranges
                0x000001e0       0xd0 Drivers\STM32L4xx_HAL_Driver\Src\stm32l4xx_hal_adc_ex.o
 .debug_aranges
                0x000002b0       0xa8 Drivers\STM32L4xx_HAL_Driver\Src\stm32l4xx_hal_cortex.o
 .debug_aranges
                0x00000358       0x78 Drivers\STM32L4xx_HAL_Driver\Src\stm32l4xx_hal_dma.o
 .debug_aranges
                0x000003d0       0x58 Drivers\STM32L4xx_HAL_Driver\Src\stm32l4xx_hal_gpio.o
 .debug_aranges
                0x00000428      0x130 Drivers\STM32L4xx_HAL_Driver\Src\stm32l4xx_hal_pwr_ex.o
 .debug_aranges
                0x00000558       0x88 Drivers\STM32L4xx_HAL_Driver\Src\stm32l4xx_hal_rcc.o
 .debug_aranges
                0x000005e0       0xb8 Drivers\STM32L4xx_HAL_Driver\Src\stm32l4xx_hal_rcc_ex.o
 .debug_aranges
                0x00000698       0x30 Src\main.o
 .debug_aranges
                0x000006c8       0x30 Src\stm32l4xx_hal_msp.o
 .debug_aranges
                0x000006f8       0x58 Src\stm32l4xx_it.o
 .debug_aranges
                0x00000750       0x28 Src\system_stm32l4xx.o
 .debug_aranges
                0x00000778       0x28 startup\startup_stm32l476xx.o
 .debug_aranges
                0x000007a0       0x20 C:\Users\dell\Documents\Embedded System\FFT_27thApril\Lib\libarm_cortexM4lf_math.a(arm_rms_f32.o)
 .debug_aranges
                0x000007c0       0x20 C:\Users\dell\Documents\Embedded System\FFT_27thApril\Lib\libarm_cortexM4lf_math.a(arm_min_f32.o)
 .debug_aranges
                0x000007e0       0x20 C:\Users\dell\Documents\Embedded System\FFT_27thApril\Lib\libarm_cortexM4lf_math.a(arm_mean_f32.o)
 .debug_aranges
                0x00000800       0x20 C:\Users\dell\Documents\Embedded System\FFT_27thApril\Lib\libarm_cortexM4lf_math.a(arm_cfft_radix4_init_f32.o)
 .debug_aranges
                0x00000820       0x30 C:\Users\dell\Documents\Embedded System\FFT_27thApril\Lib\libarm_cortexM4lf_math.a(arm_cfft_radix4_f32.o)
 .debug_aranges
                0x00000850       0x20 C:\Users\dell\Documents\Embedded System\FFT_27thApril\Lib\libarm_cortexM4lf_math.a(arm_cmplx_mag_f32.o)
 .debug_aranges
                0x00000870       0x20 C:\Users\dell\Documents\Embedded System\FFT_27thApril\Lib\libarm_cortexM4lf_math.a(arm_sub_f32.o)
 .debug_aranges
                0x00000890       0x20 C:\Users\dell\Documents\Embedded System\FFT_27thApril\Lib\libarm_cortexM4lf_math.a(arm_mult_f32.o)
 .debug_aranges
                0x000008b0       0x18 C:\Users\dell\Documents\Embedded System\FFT_27thApril\Lib\libarm_cortexM4lf_math.a(arm_common_tables.o)
 .debug_aranges
                0x000008c8       0x30 C:\Users\dell\Documents\Embedded System\FFT_27thApril\Lib\libarm_cortexM4lf_math.a(arm_bitreversal.o)

.debug_ranges   0x00000000      0xf18
 .debug_ranges  0x00000000      0x100 Drivers\STM32L4xx_HAL_Driver\Src\stm32l4xx_hal.o
 .debug_ranges  0x00000100      0x348 Drivers\STM32L4xx_HAL_Driver\Src\stm32l4xx_hal_adc.o
 .debug_ranges  0x00000448      0x230 Drivers\STM32L4xx_HAL_Driver\Src\stm32l4xx_hal_adc_ex.o
 .debug_ranges  0x00000678      0x160 Drivers\STM32L4xx_HAL_Driver\Src\stm32l4xx_hal_cortex.o
 .debug_ranges  0x000007d8       0xb8 Drivers\STM32L4xx_HAL_Driver\Src\stm32l4xx_hal_dma.o
 .debug_ranges  0x00000890       0x60 Drivers\STM32L4xx_HAL_Driver\Src\stm32l4xx_hal_gpio.o
 .debug_ranges  0x000008f0      0x120 Drivers\STM32L4xx_HAL_Driver\Src\stm32l4xx_hal_pwr_ex.o
 .debug_ranges  0x00000a10       0xc0 Drivers\STM32L4xx_HAL_Driver\Src\stm32l4xx_hal_rcc.o
 .debug_ranges  0x00000ad0       0xe0 Drivers\STM32L4xx_HAL_Driver\Src\stm32l4xx_hal_rcc_ex.o
 .debug_ranges  0x00000bb0       0xc0 Src\main.o
 .debug_ranges  0x00000c70       0x90 Src\stm32l4xx_hal_msp.o
 .debug_ranges  0x00000d00       0x48 Src\stm32l4xx_it.o
 .debug_ranges  0x00000d48       0x18 Src\system_stm32l4xx.o
 .debug_ranges  0x00000d60       0x20 startup\startup_stm32l476xx.o
 .debug_ranges  0x00000d80       0x38 C:\Users\dell\Documents\Embedded System\FFT_27thApril\Lib\libarm_cortexM4lf_math.a(arm_rms_f32.o)
 .debug_ranges  0x00000db8       0x10 C:\Users\dell\Documents\Embedded System\FFT_27thApril\Lib\libarm_cortexM4lf_math.a(arm_min_f32.o)
 .debug_ranges  0x00000dc8       0x10 C:\Users\dell\Documents\Embedded System\FFT_27thApril\Lib\libarm_cortexM4lf_math.a(arm_mean_f32.o)
 .debug_ranges  0x00000dd8       0x10 C:\Users\dell\Documents\Embedded System\FFT_27thApril\Lib\libarm_cortexM4lf_math.a(arm_cfft_radix4_init_f32.o)
 .debug_ranges  0x00000de8       0x20 C:\Users\dell\Documents\Embedded System\FFT_27thApril\Lib\libarm_cortexM4lf_math.a(arm_cfft_radix4_f32.o)
 .debug_ranges  0x00000e08       0xd0 C:\Users\dell\Documents\Embedded System\FFT_27thApril\Lib\libarm_cortexM4lf_math.a(arm_cmplx_mag_f32.o)
 .debug_ranges  0x00000ed8       0x10 C:\Users\dell\Documents\Embedded System\FFT_27thApril\Lib\libarm_cortexM4lf_math.a(arm_sub_f32.o)
 .debug_ranges  0x00000ee8       0x10 C:\Users\dell\Documents\Embedded System\FFT_27thApril\Lib\libarm_cortexM4lf_math.a(arm_mult_f32.o)
 .debug_ranges  0x00000ef8       0x20 C:\Users\dell\Documents\Embedded System\FFT_27thApril\Lib\libarm_cortexM4lf_math.a(arm_bitreversal.o)

.debug_line     0x00000000     0x7410
 .debug_line    0x00000000      0x4f7 Drivers\STM32L4xx_HAL_Driver\Src\stm32l4xx_hal.o
 .debug_line    0x000004f7     0x126a Drivers\STM32L4xx_HAL_Driver\Src\stm32l4xx_hal_adc.o
 .debug_line    0x00001761      0xeba Drivers\STM32L4xx_HAL_Driver\Src\stm32l4xx_hal_adc_ex.o
 .debug_line    0x0000261b      0x501 Drivers\STM32L4xx_HAL_Driver\Src\stm32l4xx_hal_cortex.o
 .debug_line    0x00002b1c      0x653 Drivers\STM32L4xx_HAL_Driver\Src\stm32l4xx_hal_dma.o
 .debug_line    0x0000316f      0x48f Drivers\STM32L4xx_HAL_Driver\Src\stm32l4xx_hal_gpio.o
 .debug_line    0x000035fe      0x726 Drivers\STM32L4xx_HAL_Driver\Src\stm32l4xx_hal_pwr_ex.o
 .debug_line    0x00003d24      0x6e3 Drivers\STM32L4xx_HAL_Driver\Src\stm32l4xx_hal_rcc.o
 .debug_line    0x00004407      0x85d Drivers\STM32L4xx_HAL_Driver\Src\stm32l4xx_hal_rcc_ex.o
 .debug_line    0x00004c64      0x502 Src\main.o
 .debug_line    0x00005166      0x35a Src\stm32l4xx_hal_msp.o
 .debug_line    0x000054c0      0x34a Src\stm32l4xx_it.o
 .debug_line    0x0000580a      0x2ac Src\system_stm32l4xx.o
 .debug_line    0x00005ab6       0x7f startup\startup_stm32l476xx.o
 .debug_line    0x00005b35      0x1a9 C:\Users\dell\Documents\Embedded System\FFT_27thApril\Lib\libarm_cortexM4lf_math.a(arm_rms_f32.o)
 .debug_line    0x00005cde      0x168 C:\Users\dell\Documents\Embedded System\FFT_27thApril\Lib\libarm_cortexM4lf_math.a(arm_min_f32.o)
 .debug_line    0x00005e46      0x167 C:\Users\dell\Documents\Embedded System\FFT_27thApril\Lib\libarm_cortexM4lf_math.a(arm_mean_f32.o)
 .debug_line    0x00005fad      0x1d4 C:\Users\dell\Documents\Embedded System\FFT_27thApril\Lib\libarm_cortexM4lf_math.a(arm_cfft_radix4_init_f32.o)
 .debug_line    0x00006181      0x90a C:\Users\dell\Documents\Embedded System\FFT_27thApril\Lib\libarm_cortexM4lf_math.a(arm_cfft_radix4_f32.o)
 .debug_line    0x00006a8b      0x216 C:\Users\dell\Documents\Embedded System\FFT_27thApril\Lib\libarm_cortexM4lf_math.a(arm_cmplx_mag_f32.o)
 .debug_line    0x00006ca1      0x166 C:\Users\dell\Documents\Embedded System\FFT_27thApril\Lib\libarm_cortexM4lf_math.a(arm_sub_f32.o)
 .debug_line    0x00006e07      0x175 C:\Users\dell\Documents\Embedded System\FFT_27thApril\Lib\libarm_cortexM4lf_math.a(arm_mult_f32.o)
 .debug_line    0x00006f7c      0x135 C:\Users\dell\Documents\Embedded System\FFT_27thApril\Lib\libarm_cortexM4lf_math.a(arm_common_tables.o)
 .debug_line    0x000070b1      0x35f C:\Users\dell\Documents\Embedded System\FFT_27thApril\Lib\libarm_cortexM4lf_math.a(arm_bitreversal.o)

.debug_str      0x00000000     0x4602
 .debug_str     0x00000000     0x1022 Drivers\STM32L4xx_HAL_Driver\Src\stm32l4xx_hal.o
                               0x10e1 (size before relaxing)
 .debug_str     0x00001022      0xbe5 Drivers\STM32L4xx_HAL_Driver\Src\stm32l4xx_hal_adc.o
                               0x13d6 (size before relaxing)
 .debug_str     0x00001c07      0x4bf Drivers\STM32L4xx_HAL_Driver\Src\stm32l4xx_hal_adc_ex.o
                               0x12e7 (size before relaxing)
 .debug_str     0x000020c6      0x3c3 Drivers\STM32L4xx_HAL_Driver\Src\stm32l4xx_hal_cortex.o
                               0x109c (size before relaxing)
 .debug_str     0x00002489      0x252 Drivers\STM32L4xx_HAL_Driver\Src\stm32l4xx_hal_dma.o
                                0xafa (size before relaxing)
 .debug_str     0x000026db      0x1da Drivers\STM32L4xx_HAL_Driver\Src\stm32l4xx_hal_gpio.o
                                0x9f7 (size before relaxing)
 .debug_str     0x000028b5      0x526 Drivers\STM32L4xx_HAL_Driver\Src\stm32l4xx_hal_pwr_ex.o
                                0xc87 (size before relaxing)
 .debug_str     0x00002ddb      0x39c Drivers\STM32L4xx_HAL_Driver\Src\stm32l4xx_hal_rcc.o
                                0xcab (size before relaxing)
 .debug_str     0x00003177      0x56b Drivers\STM32L4xx_HAL_Driver\Src\stm32l4xx_hal_rcc_ex.o
                                0xf26 (size before relaxing)
 .debug_str     0x000036e2      0x3b8 Src\main.o
                               0x1b1e (size before relaxing)
 .debug_str     0x00003a9a       0x1b Src\stm32l4xx_hal_msp.o
                               0x1217 (size before relaxing)
 .debug_str     0x00003ab5       0xd4 Src\stm32l4xx_it.o
                                0x95d (size before relaxing)
 .debug_str     0x00003b89       0x3b Src\system_stm32l4xx.o
                                0x83f (size before relaxing)
 .debug_str     0x00003bc4      0x189 C:\Users\dell\Documents\Embedded System\FFT_27thApril\Lib\libarm_cortexM4lf_math.a(arm_rms_f32.o)
                                0x2fd (size before relaxing)
 .debug_str     0x00003d4d       0x48 C:\Users\dell\Documents\Embedded System\FFT_27thApril\Lib\libarm_cortexM4lf_math.a(arm_min_f32.o)
                                0x262 (size before relaxing)
 .debug_str     0x00003d95       0x30 C:\Users\dell\Documents\Embedded System\FFT_27thApril\Lib\libarm_cortexM4lf_math.a(arm_mean_f32.o)
                                0x23e (size before relaxing)
 .debug_str     0x00003dc5       0x5b C:\Users\dell\Documents\Embedded System\FFT_27thApril\Lib\libarm_cortexM4lf_math.a(arm_cfft_radix4_init_f32.o)
                                0x385 (size before relaxing)
 .debug_str     0x00003e20      0x16d C:\Users\dell\Documents\Embedded System\FFT_27thApril\Lib\libarm_cortexM4lf_math.a(arm_cfft_radix4_f32.o)
                                0x40b (size before relaxing)
 .debug_str     0x00003f8d       0x54 C:\Users\dell\Documents\Embedded System\FFT_27thApril\Lib\libarm_cortexM4lf_math.a(arm_cmplx_mag_f32.o)
                                0x316 (size before relaxing)
 .debug_str     0x00003fe1       0x62 C:\Users\dell\Documents\Embedded System\FFT_27thApril\Lib\libarm_cortexM4lf_math.a(arm_sub_f32.o)
                                0x267 (size before relaxing)
 .debug_str     0x00004043       0x43 C:\Users\dell\Documents\Embedded System\FFT_27thApril\Lib\libarm_cortexM4lf_math.a(arm_mult_f32.o)
                                0x27d (size before relaxing)
 .debug_str     0x00004086      0x4fa C:\Users\dell\Documents\Embedded System\FFT_27thApril\Lib\libarm_cortexM4lf_math.a(arm_common_tables.o)
                                0x717 (size before relaxing)
 .debug_str     0x00004580       0x82 C:\Users\dell\Documents\Embedded System\FFT_27thApril\Lib\libarm_cortexM4lf_math.a(arm_bitreversal.o)
                                0x2eb (size before relaxing)

.comment        0x00000000       0xea
 .comment       0x00000000       0x7c Drivers\STM32L4xx_HAL_Driver\Src\stm32l4xx_hal.o
                                 0x7d (size before relaxing)
 .comment       0x0000007c       0x7d Drivers\STM32L4xx_HAL_Driver\Src\stm32l4xx_hal_adc.o
 .comment       0x0000007c       0x7d Drivers\STM32L4xx_HAL_Driver\Src\stm32l4xx_hal_adc_ex.o
 .comment       0x0000007c       0x7d Drivers\STM32L4xx_HAL_Driver\Src\stm32l4xx_hal_cortex.o
 .comment       0x0000007c       0x7d Drivers\STM32L4xx_HAL_Driver\Src\stm32l4xx_hal_dma.o
 .comment       0x0000007c       0x7d Drivers\STM32L4xx_HAL_Driver\Src\stm32l4xx_hal_gpio.o
 .comment       0x0000007c       0x7d Drivers\STM32L4xx_HAL_Driver\Src\stm32l4xx_hal_pwr_ex.o
 .comment       0x0000007c       0x7d Drivers\STM32L4xx_HAL_Driver\Src\stm32l4xx_hal_rcc.o
 .comment       0x0000007c       0x7d Drivers\STM32L4xx_HAL_Driver\Src\stm32l4xx_hal_rcc_ex.o
 .comment       0x0000007c       0x7d Src\main.o
 .comment       0x0000007c       0x7d Src\stm32l4xx_hal_msp.o
 .comment       0x0000007c       0x7d Src\stm32l4xx_it.o
 .comment       0x0000007c       0x7d Src\system_stm32l4xx.o
 .comment       0x0000007c       0x6e C:\Users\dell\Documents\Embedded System\FFT_27thApril\Lib\libarm_cortexM4lf_math.a(arm_rms_f32.o)
                                 0x6f (size before relaxing)
 .comment       0x000000ea       0x6f C:\Users\dell\Documents\Embedded System\FFT_27thApril\Lib\libarm_cortexM4lf_math.a(arm_min_f32.o)
 .comment       0x000000ea       0x6f C:\Users\dell\Documents\Embedded System\FFT_27thApril\Lib\libarm_cortexM4lf_math.a(arm_mean_f32.o)
 .comment       0x000000ea       0x6f C:\Users\dell\Documents\Embedded System\FFT_27thApril\Lib\libarm_cortexM4lf_math.a(arm_cfft_radix4_init_f32.o)
 .comment       0x000000ea       0x6f C:\Users\dell\Documents\Embedded System\FFT_27thApril\Lib\libarm_cortexM4lf_math.a(arm_cfft_radix4_f32.o)
 .comment       0x000000ea       0x6f C:\Users\dell\Documents\Embedded System\FFT_27thApril\Lib\libarm_cortexM4lf_math.a(arm_cmplx_mag_f32.o)
 .comment       0x000000ea       0x6f C:\Users\dell\Documents\Embedded System\FFT_27thApril\Lib\libarm_cortexM4lf_math.a(arm_sub_f32.o)
 .comment       0x000000ea       0x6f C:\Users\dell\Documents\Embedded System\FFT_27thApril\Lib\libarm_cortexM4lf_math.a(arm_mult_f32.o)
 .comment       0x000000ea       0x6f C:\Users\dell\Documents\Embedded System\FFT_27thApril\Lib\libarm_cortexM4lf_math.a(arm_common_tables.o)
 .comment       0x000000ea       0x6f C:\Users\dell\Documents\Embedded System\FFT_27thApril\Lib\libarm_cortexM4lf_math.a(arm_bitreversal.o)

.debug_frame    0x00000000     0x196c
 .debug_frame   0x00000000      0x24c Drivers\STM32L4xx_HAL_Driver\Src\stm32l4xx_hal.o
 .debug_frame   0x0000024c      0x348 Drivers\STM32L4xx_HAL_Driver\Src\stm32l4xx_hal_adc.o
 .debug_frame   0x00000594      0x2f8 Drivers\STM32L4xx_HAL_Driver\Src\stm32l4xx_hal_adc_ex.o
 .debug_frame   0x0000088c      0x18c Drivers\STM32L4xx_HAL_Driver\Src\stm32l4xx_hal_cortex.o
 .debug_frame   0x00000a18      0x198 Drivers\STM32L4xx_HAL_Driver\Src\stm32l4xx_hal_dma.o
 .debug_frame   0x00000bb0       0xf0 Drivers\STM32L4xx_HAL_Driver\Src\stm32l4xx_hal_gpio.o
 .debug_frame   0x00000ca0      0x278 Drivers\STM32L4xx_HAL_Driver\Src\stm32l4xx_hal_pwr_ex.o
 .debug_frame   0x00000f18      0x190 Drivers\STM32L4xx_HAL_Driver\Src\stm32l4xx_hal_rcc.o
 .debug_frame   0x000010a8      0x1f8 Drivers\STM32L4xx_HAL_Driver\Src\stm32l4xx_hal_rcc_ex.o
 .debug_frame   0x000012a0       0x70 Src\main.o
 .debug_frame   0x00001310       0x70 Src\stm32l4xx_hal_msp.o
 .debug_frame   0x00001380       0xcc Src\stm32l4xx_it.o
 .debug_frame   0x0000144c       0x3c Src\system_stm32l4xx.o
 .debug_frame   0x00001488       0x38 C:\Users\dell\Documents\Embedded System\FFT_27thApril\Lib\libarm_cortexM4lf_math.a(arm_rms_f32.o)
 .debug_frame   0x000014c0       0x30 C:\Users\dell\Documents\Embedded System\FFT_27thApril\Lib\libarm_cortexM4lf_math.a(arm_min_f32.o)
 .debug_frame   0x000014f0       0x2c C:\Users\dell\Documents\Embedded System\FFT_27thApril\Lib\libarm_cortexM4lf_math.a(arm_mean_f32.o)
 .debug_frame   0x0000151c       0x4c C:\Users\dell\Documents\Embedded System\FFT_27thApril\Lib\libarm_cortexM4lf_math.a(arm_cfft_radix4_init_f32.o)
 .debug_frame   0x00001568       0xe4 C:\Users\dell\Documents\Embedded System\FFT_27thApril\Lib\libarm_cortexM4lf_math.a(arm_cfft_radix4_f32.o)
 .debug_frame   0x0000164c       0x3c C:\Users\dell\Documents\Embedded System\FFT_27thApril\Lib\libarm_cortexM4lf_math.a(arm_cmplx_mag_f32.o)
 .debug_frame   0x00001688       0x30 C:\Users\dell\Documents\Embedded System\FFT_27thApril\Lib\libarm_cortexM4lf_math.a(arm_sub_f32.o)
 .debug_frame   0x000016b8       0x30 C:\Users\dell\Documents\Embedded System\FFT_27thApril\Lib\libarm_cortexM4lf_math.a(arm_mult_f32.o)
 .debug_frame   0x000016e8       0x8c C:\Users\dell\Documents\Embedded System\FFT_27thApril\Lib\libarm_cortexM4lf_math.a(arm_bitreversal.o)
 .debug_frame   0x00001774       0x2c c:/program files (x86)/atollic/truestudio for stm32 9.0.0/armtools/bin/../lib/gcc/arm-atollic-eabi/6.3.1/../../../../arm-atollic-eabi/lib/armv7e-m/fpu\libc_nano.a(lib_a-init.o)
 .debug_frame   0x000017a0       0x40 c:/program files (x86)/atollic/truestudio for stm32 9.0.0/armtools/bin/../lib/gcc/arm-atollic-eabi/6.3.1/../../../../arm-atollic-eabi/lib/armv7e-m/fpu\libm.a(lib_a-wf_sqrt.o)
 .debug_frame   0x000017e0       0x2c c:/program files (x86)/atollic/truestudio for stm32 9.0.0/armtools/bin/../lib/gcc/arm-atollic-eabi/6.3.1/../../../../arm-atollic-eabi/lib/armv7e-m/fpu\libm.a(lib_a-ef_sqrt.o)
 .debug_frame   0x0000180c       0x20 c:/program files (x86)/atollic/truestudio for stm32 9.0.0/armtools/bin/../lib/gcc/arm-atollic-eabi/6.3.1/../../../../arm-atollic-eabi/lib/armv7e-m/fpu\libm.a(lib_a-s_matherr.o)
 .debug_frame   0x0000182c       0x20 c:/program files (x86)/atollic/truestudio for stm32 9.0.0/armtools/bin/../lib/gcc/arm-atollic-eabi/6.3.1/../../../../arm-atollic-eabi/lib/armv7e-m/fpu\libc_nano.a(lib_a-errno.o)
 .debug_frame   0x0000184c       0xac c:/program files (x86)/atollic/truestudio for stm32 9.0.0/armtools/bin/../lib/gcc/arm-atollic-eabi/6.3.1/armv7e-m/fpu\libgcc.a(_arm_addsubdf3.o)
 .debug_frame   0x000018f8       0x50 c:/program files (x86)/atollic/truestudio for stm32 9.0.0/armtools/bin/../lib/gcc/arm-atollic-eabi/6.3.1/armv7e-m/fpu\libgcc.a(_arm_muldivdf3.o)
 .debug_frame   0x00001948       0x24 c:/program files (x86)/atollic/truestudio for stm32 9.0.0/armtools/bin/../lib/gcc/arm-atollic-eabi/6.3.1/armv7e-m/fpu\libgcc.a(_arm_truncdfsf2.o)
